
> zen-spa-admin@0.1.0 dev
> next dev --webpack --hostname 127.0.0.1 --port 3000

▲ Next.js 16.2.6 (webpack)
- Local:         http://127.0.0.1:3000
- Network:       http://127.0.0.1:3000
✓ Ready in 13.6s

○ Compiling / ...
 GET / 200 in 12.7s (next.js: 11.8s, application-code: 971ms)
 GET /servicios 200 in 2.5s (next.js: 2.1s, application-code: 396ms)
 GET /clientes 200 in 1022ms (next.js: 759ms, application-code: 263ms)
 GET /mascotas 200 in 969ms (next.js: 644ms, application-code: 325ms)
 GET /calendario 200 in 917ms (next.js: 617ms, application-code: 300ms)
 GET /recordatorios 200 in 873ms (next.js: 644ms, application-code: 229ms)
 GET /pasarela-pago 200 in 1014ms (next.js: 795ms, application-code: 219ms)
 GET / 200 in 508ms (next.js: 28ms, application-code: 480ms)
 GET /servicios 200 in 508ms (next.js: 22ms, application-code: 487ms)
 GET /clientes 200 in 453ms (next.js: 31ms, application-code: 422ms)
 GET / 200 in 236ms (next.js: 5ms, application-code: 231ms)
 GET /servicios 200 in 190ms (next.js: 8ms, application-code: 183ms)
 GET /clientes 200 in 270ms (next.js: 4ms, application-code: 265ms)
 GET /clientes 200 in 357ms (next.js: 5ms, application-code: 353ms)
 GET /mascotas 200 in 223ms (next.js: 19ms, application-code: 204ms)
 GET /servicios 200 in 173ms (next.js: 4ms, application-code: 168ms)
 GET /calendario 200 in 381ms (next.js: 17ms, application-code: 364ms)
 GET /recordatorios 200 in 199ms (next.js: 18ms, application-code: 181ms)
 GET /pasarela-pago 200 in 163ms (next.js: 4ms, application-code: 159ms)
 GET /clientes 200 in 190ms (next.js: 5ms, application-code: 185ms)
 GET /clientes 200 in 1487ms (next.js: 154ms, application-code: 1333ms)
 GET /clientes 200 in 136ms (next.js: 10ms, application-code: 126ms)
 GET /finanzas 200 in 3.3s (next.js: 3.1s, application-code: 232ms)
 GET /horarios 200 in 1354ms (next.js: 1168ms, application-code: 186ms)
 GET /horarios 200 in 565ms (next.js: 5ms, application-code: 560ms)
 GET /horarios 200 in 405ms (next.js: 6ms, application-code: 398ms)
 GET /horarios 200 in 236ms (next.js: 10ms, application-code: 226ms)
 GET /finanzas 200 in 177ms (next.js: 13ms, application-code: 163ms)
 GET / 200 in 1800ms (next.js: 1589ms, application-code: 211ms)
 GET / 200 in 195ms (next.js: 6ms, application-code: 189ms)
 GET /turnos 200 in 1776ms (next.js: 1616ms, application-code: 160ms)
 GET /calendario 200 in 1385ms (next.js: 1239ms, application-code: 146ms)
 GET /calendario 200 in 155ms (next.js: 4ms, application-code: 150ms)
 GET / 200 in 11.4s (next.js: 3.7s, application-code: 7.6s)
 GET /calendario 200 in 617ms (next.js: 33ms, application-code: 584ms)
 GET /turnos 200 in 445ms (next.js: 98ms, application-code: 347ms)
○ Compiling /servicios ...
 GET /mascotas 200 in 5.7s (next.js: 4.8s, application-code: 891ms)
 GET /servicios 200 in 15.3s (next.js: 14.4s, application-code: 904ms)
 GET /mascotas 200 in 299ms (next.js: 4ms, application-code: 295ms)
 GET /servicios 200 in 281ms (next.js: 8ms, application-code: 273ms)
 GET /calendario 200 in 672ms (next.js: 147ms, application-code: 525ms)
 GET /servicios 200 in 836ms (next.js: 9ms, application-code: 828ms)
 GET /servicios 200 in 784ms (next.js: 6ms, application-code: 778ms)
 GET /servicios 200 in 666ms (next.js: 8ms, application-code: 658ms)
 GET /servicios 200 in 615ms (next.js: 7ms, application-code: 608ms)
 GET /servicios 200 in 232ms (next.js: 19ms, application-code: 214ms)
 GET /turnos 200 in 3.3s (next.js: 38ms, application-code: 3.3s)
 GET /calendario 200 in 222ms (next.js: 5ms, application-code: 217ms)
 GET / 200 in 113ms (next.js: 27ms, application-code: 86ms)
 GET /turnos 200 in 88ms (next.js: 5ms, application-code: 83ms)
 GET /turnos 200 in 15ms (next.js: 4ms, application-code: 11ms)
 GET /turnos 200 in 81ms (next.js: 4ms, application-code: 77ms)
 GET /turnos 200 in 35ms (next.js: 5ms, application-code: 30ms)
 GET /turnos 200 in 76ms (next.js: 4ms, application-code: 72ms)
 GET / 200 in 77ms (next.js: 4ms, application-code: 74ms)
 GET /calendario 200 in 88ms (next.js: 5ms, application-code: 83ms)
 GET /horarios 200 in 324ms (next.js: 221ms, application-code: 103ms)
 GET /mascotas 200 in 70ms (next.js: 4ms, application-code: 66ms)
 GET /servicios 200 in 76ms (next.js: 4ms, application-code: 71ms)
 GET /clientes 200 in 2.5s (next.js: 2.3s, application-code: 164ms)
 GET /clientes 200 in 171ms (next.js: 7ms, application-code: 165ms)
 GET /calendario 200 in 179ms (next.js: 24ms, application-code: 154ms)
 GET /reportes 200 in 1949ms (next.js: 1638ms, application-code: 312ms)
 GET /calendario 200 in 183ms (next.js: 56ms, application-code: 128ms)
 GET /reportes 200 in 204ms (next.js: 4ms, application-code: 200ms)
 GET /servicios 200 in 101ms (next.js: 18ms, application-code: 83ms)
 GET /mascotas 200 in 94ms (next.js: 16ms, application-code: 78ms)
 GET /servicios 200 in 203ms (next.js: 5ms, application-code: 198ms)
 GET /clientes 200 in 99ms (next.js: 18ms, application-code: 81ms)
 GET /reportes 200 in 59ms (next.js: 5ms, application-code: 54ms)
 GET /finanzas 200 in 133ms (next.js: 66ms, application-code: 67ms)
 GET /recordatorios 200 in 1932ms (next.js: 1535ms, application-code: 397ms)
 GET /calendario 200 in 245ms (next.js: 20ms, application-code: 225ms)
 GET /recordatorios 200 in 74ms (next.js: 6ms, application-code: 68ms)
 GET /centro-mensajes 200 in 1274ms (next.js: 1171ms, application-code: 103ms)
 GET /horarios 200 in 133ms (next.js: 19ms, application-code: 115ms)
 GET /pasarela-pago 200 in 1481ms (next.js: 1388ms, application-code: 93ms)
 GET /configuracion 200 in 1482ms (next.js: 1350ms, application-code: 132ms)
 GET / 200 in 2.6s (next.js: 1722ms, application-code: 874ms)
